[ctd-staging.maisey.uk/index.html]
[backblue.gif]
[fade.gif]
[index.html]
[ctd-staging.maisey.uk/indexab4a.html]
[ctd-staging.maisey.uk/packages/theme_slate/themes/slate/columnal.css]
[ctd-staging.maisey.uk/about-us/faqs.html]
[ctd-staging.maisey.uk/files/cache/css/slate/typography.css]
[ctd-staging.maisey.uk/files/cache/css/slate/main.css]
[ctd-staging.maisey.uk/indexe25d.html]
[ctd-staging.maisey.uk/index5983.php]
[ctd-staging.maisey.uk/packages/theme_slate/themes/slate/mobile.css]
[ctd-staging.maisey.uk/index6be2.html]
[ctd-staging.maisey.uk/index-2.html]
[ctd-staging.maisey.uk/index30d2.html]
[ctd-staging.maisey.uk/updates/concrete5.6.2.1_updater/concrete/css/ccm.base0da7.css]
[ctd-staging.maisey.uk/indexee73.html]
[ctd-staging.maisey.uk/index.html]
[ctd-staging.maisey.uk/packages/theme_slate/themes/slate/columnal.css]
[ctd-staging.maisey.uk/files/cache/css/slate/typography.css]
[ctd-staging.maisey.uk/updates/concrete5.6.2.1_updater/concrete/js/ccm.base0da7.js]
[ctd-staging.maisey.uk/packages/unoslider/blocks/unoslider/templates/elegant/css/unoslider0da7.css]
[ctd-staging.maisey.uk/packages/unoslider/blocks/unoslider/templates/elegant/css/themes0da7.css]
[ctd-staging.maisey.uk/packages/theme_slate/themes/slate/images/arrows-ffffff.png]
[ctd-staging.maisey.uk/packages/theme_slate/themes/slate/images/shadow.png]
[ctd-staging.maisey.uk/packages/theme_slate/themes/slate/images/icons/calendar.png]
[ctd-staging.maisey.uk/updates/concrete5.6.2.1_updater/concrete/js/jquery0da7.js]
[ctd-staging.maisey.uk/packages/theme_slate/themes/slate/images/icons/tag.png]
[ctd-staging.maisey.uk/packages/theme_slate/themes/slate/images/icons/comments.png]
[ctd-staging.maisey.uk/packages/theme_slate/themes/slate/images/icons/user.png]
[ctd-staging.maisey.uk/packages/theme_slate/themes/slate/images/icons/star.png]
[ctd-staging.maisey.uk/packages/theme_slate/themes/slate/images/icons/settings.png]
[ctd-staging.maisey.uk/files/cache/css/slate/main.css]
[ctd-staging.maisey.uk/packages/theme_slate/themes/slate/images/icons/view.png]
[ctd-staging.maisey.uk/packages/theme_slate/themes/slate/mobile.css]
[ctd-staging.maisey.uk/index-2.html]
[ctd-staging.maisey.uk/updates/concrete5.6.2.1_updater/concrete/css/ccm.base0da7.css]
[ctd-staging.maisey.uk/packages/jb_smooth/blocks/jb_smooth/css/smoothDivScroll0da7.css]
[ctd-staging.maisey.uk/packages/jb_smooth/blocks/jb_smooth/css/magnific0da7.css]
[ctd-staging.maisey.uk/packages/jb_smooth/blocks/jb_smooth/css/smooth0da7.css]
[ctd-staging.maisey.uk/packages/unoslider/blocks/unoslider/templates/elegant/css/unoslider0da7.css]
[ctd-staging.maisey.uk/packages/unoslider/blocks/unoslider/templates/elegant/css/themes0da7.css]
[ctd-staging.maisey.uk/packages/unoslider/blocks/unoslider/templates/elegant/js/unoslider0da7.js]
[ctd-staging.maisey.uk/updates/concrete5.6.2.1_updater/concrete/css/jquery.ui0da7.css]
[ctd-staging.maisey.uk/packages/jb_smooth/blocks/jb_smooth/js_manual/jquery.kinetic0da7.js]
[ctd-staging.maisey.uk/packages/jb_smooth/blocks/jb_smooth/css/smoothDivScroll0da7.css]
[ctd-staging.maisey.uk/packages/jb_smooth/blocks/jb_smooth/css/magnific0da7.css]
[ctd-staging.maisey.uk/packages/jb_smooth/blocks/jb_smooth/js_manual/jquery.mousewheel.min0da7.js]
[ctd-staging.maisey.uk/packages/jb_smooth/blocks/jb_smooth/css/smooth0da7.css]
[ctd-staging.maisey.uk/packages/theme_slate/themes/slate/js/fancybox/jquery.mousewheel-3.0.4.pack.js]
[ctd-staging.maisey.uk/packages/theme_slate/themes/slate/js/superfish.js]
[ctd-staging.maisey.uk/updates/concrete5.6.2.1_updater/concrete/css/jquery.ui0da7.css]
[ctd-staging.maisey.uk/packages/jb_smooth/blocks/jb_smooth/js_manual/smooth0da7.js]
[ctd-staging.maisey.uk/packages/theme_slate/themes/slate/js/fancybox/jquery.fancybox-1.3.4.css]
[ctd-staging.maisey.uk/packages/theme_slate/themes/slate/js/functions.js]
[ctd-staging.maisey.uk/files/8014/4170/4472/site_logo_2015_v1.png]
[ctd-staging.maisey.uk/packages/theme_slate/themes/slate/js/fancybox/jquery.fancybox-1.3.4.pack.js]
[ctd-staging.maisey.uk/files/9313/5991/3182/topright-banner.png]
[ctd-staging.maisey.uk/updates/concrete5.6.2.1_updater/concrete/js/jquery.ui0da7.js]
[ctd-staging.maisey.uk/packages/theme_slate/themes/slate/js/fancybox/jquery.fancybox-1.3.4.css]
[ctd-staging.maisey.uk/about-us/contact-us/index.html]
[ctd-staging.maisey.uk/about-us/index.html]
[ctd-staging.maisey.uk/about-us/index.html]
[ctd-staging.maisey.uk/about-us/contact-us/index.html]
[ctd-staging.maisey.uk/about-us/faqs/index.html]
[ctd-staging.maisey.uk/about-us/faqs/index.html]
[ctd-staging.maisey.uk/about-us/our-research/index.html]
[ctd-staging.maisey.uk/about-us/materials/index.html]
[ctd-staging.maisey.uk/files/5613/5402/3909/basarir_presentation.pdf]
[ctd-staging.maisey.uk/get-involved/index.html]
[ctd-staging.maisey.uk/about-us/our-research/index.html]
[ctd-staging.maisey.uk/files/3713/5402/3915/basarir-report.pdf]
[ctd-staging.maisey.uk/get-involved/retailers/index.html]
[ctd-staging.maisey.uk/files/4413/5402/3917/logo_print.gif]
[ctd-staging.maisey.uk/get-involved/campaigners/index.html]
[ctd-staging.maisey.uk/about-us/materials/index.html]
[ctd-staging.maisey.uk/get-involved/campaigners1/index.html]
[ctd-staging.maisey.uk/get-involved/index.html]
[ctd-staging.maisey.uk/support/index.html]
[ctd-staging.maisey.uk/indexda3c.html]
[ctd-staging.maisey.uk/get-involved/retailers/index.html]
[ctd-staging.maisey.uk/support/participating-retailers/index.html]
[ctd-staging.maisey.uk/index3e42.html]
[ctd-staging.maisey.uk/get-involved/campaigners/index.html]
[ctd-staging.maisey.uk/support/endorsements/index.html]
[ctd-staging.maisey.uk/get-involved/campaigners1/index.html]
[ctd-staging.maisey.uk/news/index.html]
[ctd-staging.maisey.uk/support/index.html]
[ctd-staging.maisey.uk/files/7013/5991/0575/facebook.png]
[ctd-staging.maisey.uk/support/participating-retailers/index.html]
[ctd-staging.maisey.uk/files/4213/5991/0577/twitter.png]
[ctd-staging.maisey.uk/support/endorsements/index.html]
[ctd-staging.maisey.uk/news/archive/sustainable-city-awards-2016/index.html]
[ctd-staging.maisey.uk/news/index.html]
[ctd-staging.maisey.uk/files/3714/5684/6555/sustainable-cities.png]
[ctd-staging.maisey.uk/indexab4a.html]
[ctd-staging.maisey.uk/news/archive/round-table-discussion-john-lewis-ms-and-arup/index.html]
[ctd-staging.maisey.uk/about-us/faqs.html]
[ctd-staging.maisey.uk/files/6614/5684/6050/geze-balloon.jpg]
[ctd-staging.maisey.uk/indexe25d.html]
[ctd-staging.maisey.uk/support/participating-retailers/archive/hm/index.html]
[ctd-staging.maisey.uk/index5983.html]
[ctd-staging.maisey.uk/files/1914/4923/3199/hm.png]
[ctd-staging.maisey.uk/index6be2.html]
[ctd-staging.maisey.uk/files/4814/2678/5909/air-quality-research.jpg]
[ctd-staging.maisey.uk/index30d2.html]
[ctd-staging.maisey.uk/support/endorsements/archive/dr-ben-barratt/index.html]
[ctd-staging.maisey.uk/indexee73.html]
[ctd-staging.maisey.uk/index683c.html]
[ctd-staging.maisey.uk/support/participating-retailers/archive/home-retail-group/index.html]
[ctd-staging.maisey.uk/news/archive/sustainable-city-awards-2016/index.html]
[ctd-staging.maisey.uk/files/4714/2538/5142/home-retail-group.jpg]
[ctd-staging.maisey.uk/news/archive/round-table-discussion-john-lewis-ms-and-arup/index.html]
[ctd-staging.maisey.uk/news/archive/observer-magazine-article/index.html]
[ctd-staging.maisey.uk/support/participating-retailers/archive/hm/index.html]
[ctd-staging.maisey.uk/files/3414/2109/8238/theguardian.png]
[ctd-staging.maisey.uk/support/endorsements/archive/dr-ben-barratt/index.html]
[ctd-staging.maisey.uk/news/archive/retail-environment-magazine-article/index.html]
[ctd-staging.maisey.uk/files/index.html]
[ctd-staging.maisey.uk/files/2614/1902/5984/retail-environment.jpg]
[ctd-staging.maisey.uk/support/participating-retailers/archive/home-retail-group/index.html]
[ctd-staging.maisey.uk/news/archive/observer-magazine-article/index.html]
[ctd-staging.maisey.uk/news/archive/boots-endorses-campaign/index.html]
[ctd-staging.maisey.uk/files/4114/0185/8278/boots.png]
[ctd-staging.maisey.uk/files/4814/1902/4668/25-27_Retail_Environment_NovDec_2014.pdf]
[ctd-staging.maisey.uk/news/archive/retail-environment-magazine-article/index.html]
[ctd-staging.maisey.uk/news/archive/bbc1-inside-out-east/index.html]
[ctd-staging.maisey.uk/news/archive/boots-endorses-campaign/index.html]
[ctd-staging.maisey.uk/files/7713/6151/8680/inside-out.jpg]
[ctd-staging.maisey.uk/news/archive/bbc1-inside-out-east/index.html]
[ctd-staging.maisey.uk/news/archive/radio-4-world-weekend-cover-campaign/index.html]
[ctd-staging.maisey.uk/news/archive/radio-4-world-weekend-cover-campaign/index.html]
[ctd-staging.maisey.uk/files/4813/9016/1662/r4_logo.png]
[ctd-staging.maisey.uk/packages/jb_smooth/blocks/jb_smooth/images/ajax-loader.gif]
[ctd-staging.maisey.uk/support/participating-retailers/archive/marks-and-spencer/index.html]
[ctd-staging.maisey.uk/support/participating-retailers/archive/marks-and-spencer/index.html]
[ctd-staging.maisey.uk/files/cache/39a9a2521e7014c4ff1ada1aa73ffb82.jpg]
[ctd-staging.maisey.uk/support/participating-retailers/archive/born/index.html]
[ctd-staging.maisey.uk/support/participating-retailers/archive/born/index.html]
[ctd-staging.maisey.uk/files/cache/26f536d52fa8a38a8989dbbeb367178e.jpg]
[ctd-staging.maisey.uk/support/participating-retailers/archive/john-lewis-waitrose/index.html]
[ctd-staging.maisey.uk/support/participating-retailers/archive/john-lewis-waitrose/index.html]
[ctd-staging.maisey.uk/files/cache/124db1fcf27145a479b3d5922bf56485.jpg]
[ctd-staging.maisey.uk/support/participating-retailers/archive/tesco/index.html]
[ctd-staging.maisey.uk/support/participating-retailers/archive/tesco/index.html]
[ctd-staging.maisey.uk/files/cache/94f94134d152a1cd1e811e97aa20db44.jpg]
[ctd-staging.maisey.uk/support/participating-retailers/archive/wickes-travis-perkins/index.html]
[ctd-staging.maisey.uk/support/participating-retailers/archive/wickes-travis-perkins/index.html]
[ctd-staging.maisey.uk/files/cache/6bbed2c942d6c7380547cf4702e34b98.jpg]
[ctd-staging.maisey.uk/support/participating-retailers/archive/aspace/index.html]
[ctd-staging.maisey.uk/support/participating-retailers/archive/aspace/index.html]
[ctd-staging.maisey.uk/files/cache/3fedd63bef7fb86d9c96d21334d61c0a.jpg]
[ctd-staging.maisey.uk/support/participating-retailers/archive/selfridges/index.html]
[ctd-staging.maisey.uk/support/participating-retailers/archive/selfridges/index.html]
[ctd-staging.maisey.uk/files/cache/890cf2d6c6fae4d59e40246fd6017c9e.jpg]
[ctd-staging.maisey.uk/support/participating-retailers/archive/pramo/index.html]
[ctd-staging.maisey.uk/support/participating-retailers/archive/pramo/index.html]
[ctd-staging.maisey.uk/files/cache/f56b3ed78fb772b4e930719b002a84cd.jpg]
[ctd-staging.maisey.uk/files/cache/067ae7c7af4a5bbfb7efb0db3ea76e3c.jpg]
[ctd-staging.maisey.uk/news/archive/oxfam-supports-close-the-door-campaign/index.html]
[ctd-staging.maisey.uk/news/archive/oxfam-supports-close-the-door-campaign/index.html]
[ctd-staging.maisey.uk/files/cache/951f88a1971f8af748ea754222e63ca6.jpg]
[ctd-staging.maisey.uk/files/cache/6036f65395cd89eb6e81fba1bddce4bc.jpg]
[ctd-staging.maisey.uk/files/cache/79bafde872bebbc00687bafd67a35035.jpg]
[ctd-staging.maisey.uk/support/participating-retailers/archive/costa-coffee/index.html]
[ctd-staging.maisey.uk/support/participating-retailers/archive/costa-coffee/index.html]
[ctd-staging.maisey.uk/files/cache/aaba72306d61f360a54ad56881c5f554.jpg]
[ctd-staging.maisey.uk/support/participating-retailers/archive/fenwick/index.html]
[ctd-staging.maisey.uk/support/participating-retailers/archive/fenwick/index.html]
[ctd-staging.maisey.uk/files/cache/5cbafbea74948878eb3f6d3c5b88c134.jpg]
[ctd-staging.maisey.uk/support/participating-retailers/archive/boots-member-alliance-boots/index.html]
[ctd-staging.maisey.uk/support/participating-retailers/archive/boots-member-alliance-boots/index.html]
[ctd-staging.maisey.uk/files/cache/b67ac63d8ad3035a37dab398aef99bf2.jpg]
[ctd-staging.maisey.uk/support/participating-retailers/archive/neals-yard/index.html]
[ctd-staging.maisey.uk/support/participating-retailers/archive/neals-yard/index.html]
[ctd-staging.maisey.uk/files/cache/32ecba9a054e7f9ed35b71fd0b00161c.jpg]
[ctd-staging.maisey.uk/files/cache/e74956d1ee34795ea3b03cd726a5cb3a.jpg]
[ctd-staging.maisey.uk/files/cache/773e14f89a537d8000b96c192131c912.jpg]
[ctd-staging.maisey.uk/index.php/login/index.html]
[ctd-staging.maisey.uk/index.php/login/index.html]
[ctd-staging.maisey.uk/news/archive/geze-becomes-official-supporter-close-door/index.html]
[ctd-staging.maisey.uk/news/archive/geze-becomes-official-supporter-close-door/index.html]
[ctd-staging.maisey.uk/files/3214/5674/9243/geze-logo.png]
[ctd-staging.maisey.uk/packages/unoslider/blocks/unoslider/templates/elegant/images/spinner.gif]
[ctd-staging.maisey.uk/packages/unoslider/blocks/unoslider/templates/elegant/images/basic.png]
[ctd-staging.maisey.uk/packages/unoslider/blocks/unoslider/templates/elegant/images/elegant.png]
[ctd-staging.maisey.uk/packages/unoslider/blocks/unoslider/templates/elegant/images/inline.png]
[ctd-staging.maisey.uk/packages/unoslider/blocks/unoslider/templates/elegant/images/light.png]
[ctd-staging.maisey.uk/packages/unoslider/blocks/unoslider/templates/elegant/images/minimalist.png]
[ctd-staging.maisey.uk/packages/unoslider/blocks/unoslider/templates/elegant/images/modern.png]
[ctd-staging.maisey.uk/packages/unoslider/blocks/unoslider/templates/elegant/images/panel.png]
[ctd-staging.maisey.uk/packages/unoslider/blocks/unoslider/templates/elegant/images/ribbon.png]
[ctd-staging.maisey.uk/packages/unoslider/blocks/unoslider/templates/elegant/images/slick.png]
[ctd-staging.maisey.uk/packages/unoslider/blocks/unoslider/templates/elegant/images/smooth.png]
[ctd-staging.maisey.uk/packages/unoslider/blocks/unoslider/templates/elegant/images/square.png]
[ctd-staging.maisey.uk/packages/jb_smooth/blocks/jb_smooth/images/big_transparent.gif]
[ctd-staging.maisey.uk/packages/jb_smooth/blocks/jb_smooth/images/cursors/cursor_arrow_left.png]
[ctd-staging.maisey.uk/packages/jb_smooth/blocks/jb_smooth/images/cursors/cursor_arrow_left.html]
[ctd-staging.maisey.uk/packages/jb_smooth/blocks/jb_smooth/images/arrow_left.gif]
[ctd-staging.maisey.uk/packages/jb_smooth/blocks/jb_smooth/images/cursors/cursor_arrow_right.png]
[ctd-staging.maisey.uk/packages/jb_smooth/blocks/jb_smooth/images/cursors/cursor_arrow_right.html]
[ctd-staging.maisey.uk/packages/jb_smooth/blocks/jb_smooth/images/arrow_right.gif]
[ctd-staging.maisey.uk/updates/concrete5.6.2.1_updater/concrete/css/images/bg_fallback.png]
[ctd-staging.maisey.uk/updates/concrete5.6.2.1_updater/concrete/css/images/ui-icons_222222_256x240.png]
[ctd-staging.maisey.uk/updates/concrete5.6.2.1_updater/concrete/css/images/ui-icons_454545_256x240.png]
[ctd-staging.maisey.uk/updates/concrete5.6.2.1_updater/concrete/css/images/icon_sprite.png]
[ctd-staging.maisey.uk/updates/concrete5.6.2.1_updater/concrete/css/images/slider_handles.png]
[ctd-staging.maisey.uk/packages/theme_slate/themes/slate/js/fancybox/fancybox.png]
[ctd-staging.maisey.uk/packages/theme_slate/themes/slate/js/fancybox/blank.gif]
[ctd-staging.maisey.uk/packages/theme_slate/themes/slate/js/fancybox/fancybox-x.png]
[ctd-staging.maisey.uk/packages/theme_slate/themes/slate/js/fancybox/fancybox-y.png]
[ctd-staging.maisey.uk/packages/theme_slate/themes/slate/js/fancybox/fancy_title_over.png]
[ctd-staging.maisey.uk/packages/theme_slate/themes/slate/js/fancybox/fancybox/fancy_close.html]
[ctd-staging.maisey.uk/packages/theme_slate/themes/slate/js/fancybox/fancybox/fancy_nav_left.html]
[ctd-staging.maisey.uk/packages/theme_slate/themes/slate/js/fancybox/fancybox/fancy_nav_right.html]
[ctd-staging.maisey.uk/packages/theme_slate/themes/slate/js/fancybox/fancybox/fancy_title_over.html]
[ctd-staging.maisey.uk/packages/theme_slate/themes/slate/js/fancybox/fancybox/fancy_title_left.html]
[ctd-staging.maisey.uk/packages/theme_slate/themes/slate/js/fancybox/fancybox/fancy_title_main.html]
[ctd-staging.maisey.uk/packages/theme_slate/themes/slate/js/fancybox/fancybox/fancy_title_right.html]
[ctd-staging.maisey.uk/packages/theme_slate/themes/slate/js/fancybox/fancybox/fancy_loading.html]
[ctd-staging.maisey.uk/packages/theme_slate/themes/slate/js/fancybox/fancybox/fancy_shadow_n.html]
[ctd-staging.maisey.uk/packages/theme_slate/themes/slate/js/fancybox/fancybox/fancy_shadow_ne.html]
[ctd-staging.maisey.uk/packages/theme_slate/themes/slate/js/fancybox/fancybox/fancy_shadow_e.html]
[ctd-staging.maisey.uk/packages/theme_slate/themes/slate/js/fancybox/fancybox/fancy_shadow_se.html]
[ctd-staging.maisey.uk/packages/theme_slate/themes/slate/js/fancybox/fancybox/fancy_shadow_s.html]
[ctd-staging.maisey.uk/packages/theme_slate/themes/slate/js/fancybox/fancybox/fancy_shadow_sw.html]
[ctd-staging.maisey.uk/packages/theme_slate/themes/slate/js/fancybox/fancybox/fancy_shadow_w.html]
[ctd-staging.maisey.uk/packages/theme_slate/themes/slate/js/fancybox/fancybox/fancy_shadow_nw.html]
[ctd-staging.maisey.uk/files/5013/6004/4314/contact-us.png]
[ctd-staging.maisey.uk/files/7613/6004/4239/faq.png]
[ctd-staging.maisey.uk/files/1313/6004/4238/facts.png]
[ctd-staging.maisey.uk/files/9413/6004/4244/materials.png]
[ctd-staging.maisey.uk/!trash/local-campaigns/index.html]
[ctd-staging.maisey.uk/files/6913/6004/4242/local-campaigns.png]
[ctd-staging.maisey.uk/files/2013/5396/3756/facebook.png]
[ctd-staging.maisey.uk/files/8113/5396/3761/twitter.png]
[ctd-staging.maisey.uk/about-us/our-research/air-quality-research/index.html]
[ctd-staging.maisey.uk/about-us/our-research/air-quality-research/index.html]
[ctd-staging.maisey.uk/files/5213/5810/2732/esmeefairburn.png]
[ctd-staging.maisey.uk/files/8313/5384/0828/ctdlogo.png]
[ctd-staging.maisey.uk/files/2013/6004/5310/retailers.png]
[ctd-staging.maisey.uk/files/6213/6004/5305/consumers.png]
[ctd-staging.maisey.uk/files/5013/6004/5302/campaigners.png]
[ctd-staging.maisey.uk/files/9013/6004/5903/participating-retailers.png]
[ctd-staging.maisey.uk/files/3613/6004/5900/Endorsements.png]
[ctd-staging.maisey.uk/files/7013/5810/1556/aspace.png]
[ctd-staging.maisey.uk/files/4114/0185/7665/boots2.png]
[ctd-staging.maisey.uk/files/9113/5444/3462/new_born_logo.jpg]
[ctd-staging.maisey.uk/files/4213/5436/9895/costa_logo.gif]
[ctd-staging.maisey.uk/files/4413/5810/1558/fenwick.png]
[ctd-staging.maisey.uk/files/1314/4923/2811/HM.png]
[ctd-staging.maisey.uk/files/8614/2538/5018/home-retail-group-all-logos.png]
[ctd-staging.maisey.uk/files/1513/5810/1560/johnlewis.png]
[ctd-staging.maisey.uk/files/9413/5810/1561/marksandspencer.png]
[ctd-staging.maisey.uk/files/5313/5820/5066/nealsyard.png]
[ctd-staging.maisey.uk/files/8013/6247/9336/Paramo.png]
[ctd-staging.maisey.uk/support/participating-retailers/archive/ryman/index.html]
[ctd-staging.maisey.uk/files/3413/5810/1562/ryman.png]
[ctd-staging.maisey.uk/files/1713/5810/1563/selfridges.png]
[ctd-staging.maisey.uk/files/6513/5810/1564/tesco.png]
[ctd-staging.maisey.uk/files/5313/5810/1566/Wickes.png]
[ctd-staging.maisey.uk/support/endorsements/archive/scottish-parliament/index.html]
[ctd-staging.maisey.uk/support/endorsements/archive/boris-johnson/index.html]
[ctd-staging.maisey.uk/support/endorsements/archive/sir-richard-lambert/index.html]
[ctd-staging.maisey.uk/support/endorsements/archive/ed-davey-mp/index.html]
[ctd-staging.maisey.uk/support/endorsements/archive/vince-cable/index.html]
[ctd-staging.maisey.uk/support/endorsements/archive/prof-sir-david-king/index.html]
[ctd-staging.maisey.uk/support/endorsements/archive/william-hague-mp/index.html]
[ctd-staging.maisey.uk/support/endorsements/archive/the-wi-national-federation-of-womens-institutes/index.html]
[ctd-staging.maisey.uk/support/endorsements/archive/andrew-lansley-mp/index.html]
[ctd-staging.maisey.uk/support/endorsements/archive/euro-mp-chris-davies/index.html]
[ctd-staging.maisey.uk/support/endorsements/archive/usdaw/index.html]
[ctd-staging.maisey.uk/support/endorsements/archive/charles-clarke-mp/index.html]
[ctd-staging.maisey.uk/support/endorsements/archive/oliver-letwin-mp/index.html]
[ctd-staging.maisey.uk/support/endorsements/archive/zac-goldsmith-mp/index.html]
[ctd-staging.maisey.uk/support/endorsements/archive/natalie-bennett/index.html]
[ctd-staging.maisey.uk/support/endorsements/archive/caroline-lucas-mp/index.html]
[ctd-staging.maisey.uk/support/endorsements/archive/kevin-mccloud/index.html]
[ctd-staging.maisey.uk/support/endorsements/archive/lorely-burt-mp/index.html]
[ctd-staging.maisey.uk/support/endorsements/archive/councillor-pamela-fleming/index.html]
[ctd-staging.maisey.uk/support/endorsements/archive/julian-huppert-mp/index.html]
[ctd-staging.maisey.uk/support/endorsements/archive/emily-thornberry-mp/index.html]
[ctd-staging.maisey.uk/support/endorsements/archive/mike-berners-lee/index.html]
[ctd-staging.maisey.uk/support/endorsements/archive/john-hemming-mp/index.html]
[ctd-staging.maisey.uk/support/endorsements/archive/mike-tuffrey-am/index.html]
[ctd-staging.maisey.uk/support/endorsements/archive/claire-perry-mp/index.html]
[ctd-staging.maisey.uk/support/endorsements/archive/stephen-williams-mp/index.html]
[ctd-staging.maisey.uk/support/endorsements/archive/kerry-mccarthy-mp/index.html]
[ctd-staging.maisey.uk/support/endorsements/archive/ben-bradshaw-mp/index.html]
[ctd-staging.maisey.uk/support/endorsements/archive/anne-milton-mp/index.html]
[ctd-staging.maisey.uk/support/endorsements/archive/dawn-primarolo-mp/index.html]
[ctd-staging.maisey.uk/support/endorsements/archive/andy-slaughter-mp/index.html]
[ctd-staging.maisey.uk/support/endorsements/archive/andrew-mitchell-mp/index.html]
[ctd-staging.maisey.uk/support/endorsements/archive/roger-godsiff-mp/index.html]
[ctd-staging.maisey.uk/support/endorsements/archive/richard-burden-mp/index.html]
[ctd-staging.maisey.uk/support/endorsements/archive/gisela-stuart-mp/index.html]
[ctd-staging.maisey.uk/support/endorsements/archive/paul-maynard-mp/index.html]
[ctd-staging.maisey.uk/support/endorsements/archive/daniel-zeichner-mp/index.html]
[ctd-staging.maisey.uk/support/endorsements/archive/heidi-allen-mp/index.html]
[ctd-staging.maisey.uk/files/8814/5677/7142/cc39d7ccdb654b80bc038f2f91812d43.png]
[ctd-staging.maisey.uk/files/9214/5677/6239/dd2bf4ada0e6423bb8d43b07360320ae.jpg]
[ctd-staging.maisey.uk/news/archive/crucial-iosh-regulation/index.html]
[ctd-staging.maisey.uk/news/archive/fitzrovia-project-starts/index.html]
[ctd-staging.maisey.uk/files/2214/5262/7836/d66cc3c377d746358eb162c0558a9baf.jpg]
[ctd-staging.maisey.uk/files/8314/5225/5863/Close_the_Door.jpg]
[ctd-staging.maisey.uk/index.php/tools/blocks/page_list/blog_rss97d6]
[ctd-staging.maisey.uk/updates/concrete5.6.2.1_updater/concrete/blocks/page_list/rss.png]
[ctd-staging.maisey.uk/news/index4bfc.html]
[ctd-staging.maisey.uk/news/indexe2f9.html]
[ctd-staging.maisey.uk/news/index0bd3.html]
[ctd-staging.maisey.uk/news/index701c.html]
[ctd-staging.maisey.uk/news/index7aa0.html]
[ctd-staging.maisey.uk/news/index789b.html]
[ctd-staging.maisey.uk/updates/concrete5.6.2.1_updater/concrete/blocks/tags/view0da7.css]
[ctd-staging.maisey.uk/news/archive/index.html]
[ctd-staging.maisey.uk/support/participating-retailers/archive/index.html]
[ctd-staging.maisey.uk/support/endorsements/archive/index.html]
[ctd-staging.maisey.uk/files/5114/1902/5451/retail-environment-small.jpg]
[ctd-staging.maisey.uk/files/8213/6151/8975/inside-out.jpg]
[ctd-staging.maisey.uk/packages/html5_audio_player_basic/blocks/html5_audio_player_basic/templates/blue_monday/css/jplayer.blue.monday0da7.css]
[ctd-staging.maisey.uk/files/6113/9015/8647/r4_logo.png]
[ctd-staging.maisey.uk/packages/html5_audio_player_basic/js/jplayer.min0da7.js]
[ctd-staging.maisey.uk/files/5213/5819/9896/oxfam.png]
[ctd-staging.maisey.uk/updates/concrete5.6.2.1_updater/concrete/css/ccm.default.theme.css]
[ctd-staging.maisey.uk/updates/concrete5.6.2.1_updater/concrete/css/ccm.install.css]
[ctd-staging.maisey.uk/updates/concrete5.6.2.1_updater/concrete/css/ccm.app.css]
[ctd-staging.maisey.uk/updates/concrete5.6.2.1_updater/concrete/images/logo_menu.png]
[ctd-staging.maisey.uk/updates/concrete5.6.2.1_updater/concrete/js/bootstrap0da7.js]
[ctd-staging.maisey.uk/files/4614/2677/3284/air-quality-figure-1.png]
[ctd-staging.maisey.uk/files/8914/2677/3295/air-quality-figure-2.png]
[ctd-staging.maisey.uk/indexda3c.html]
[ctd-staging.maisey.uk/index3e42.html]
[ctd-staging.maisey.uk/index.php/download_file/view/67/164/index.html]
[ctd-staging.maisey.uk/index.php/download_file/view/70/164/index.html]
[ctd-staging.maisey.uk/index.php/download_file/view/243/176/index.html]
[ctd-staging.maisey.uk/index.php/download_file/view/69/176/index.html]
[ctd-staging.maisey.uk/packages/page_list_teasers/blocks/page_list/view0da7.css]
[ctd-staging.maisey.uk/support/participating-retailers/archive/ryman/index.html]
[ctd-staging.maisey.uk/support/endorsements/archive/scottish-parliament/index.html]
[ctd-staging.maisey.uk/support/endorsements/archive/boris-johnson/index.html]
[ctd-staging.maisey.uk/support/endorsements/archive/sir-richard-lambert/index.html]
[ctd-staging.maisey.uk/support/endorsements/archive/ed-davey-mp/index.html]
[ctd-staging.maisey.uk/support/endorsements/archive/vince-cable/index.html]
[ctd-staging.maisey.uk/support/endorsements/archive/prof-sir-david-king/index.html]
[ctd-staging.maisey.uk/support/endorsements/archive/william-hague-mp/index.html]
[ctd-staging.maisey.uk/support/endorsements/archive/the-wi-national-federation-of-womens-institutes/index.html]
[ctd-staging.maisey.uk/support/endorsements/archive/andrew-lansley-mp/index.html]
[ctd-staging.maisey.uk/support/endorsements/archive/euro-mp-chris-davies/index.html]
[ctd-staging.maisey.uk/support/endorsements/archive/usdaw/index.html]
[ctd-staging.maisey.uk/support/endorsements/archive/charles-clarke-mp/index.html]
[ctd-staging.maisey.uk/support/endorsements/archive/oliver-letwin-mp/index.html]
[ctd-staging.maisey.uk/support/endorsements/archive/zac-goldsmith-mp/index.html]
[ctd-staging.maisey.uk/support/endorsements/archive/natalie-bennett/index.html]
[ctd-staging.maisey.uk/support/endorsements/archive/caroline-lucas-mp/index.html]
[ctd-staging.maisey.uk/support/endorsements/archive/kevin-mccloud/index.html]
[ctd-staging.maisey.uk/support/endorsements/archive/lorely-burt-mp/index.html]
[ctd-staging.maisey.uk/support/endorsements/archive/councillor-pamela-fleming/index.html]
[ctd-staging.maisey.uk/support/endorsements/archive/julian-huppert-mp/index.html]
[ctd-staging.maisey.uk/support/endorsements/archive/emily-thornberry-mp/index.html]
[ctd-staging.maisey.uk/support/endorsements/archive/mike-berners-lee/index.html]
[ctd-staging.maisey.uk/support/endorsements/archive/john-hemming-mp/index.html]
[ctd-staging.maisey.uk/support/endorsements/archive/mike-tuffrey-am/index.html]
[ctd-staging.maisey.uk/support/endorsements/archive/claire-perry-mp/index.html]
[ctd-staging.maisey.uk/support/endorsements/archive/stephen-williams-mp/index.html]
[ctd-staging.maisey.uk/support/endorsements/archive/kerry-mccarthy-mp/index.html]
[ctd-staging.maisey.uk/support/endorsements/archive/ben-bradshaw-mp/index.html]
[ctd-staging.maisey.uk/support/endorsements/archive/anne-milton-mp/index.html]
[ctd-staging.maisey.uk/support/endorsements/archive/dawn-primarolo-mp/index.html]
[ctd-staging.maisey.uk/support/endorsements/archive/andy-slaughter-mp/index.html]
[ctd-staging.maisey.uk/support/endorsements/archive/andrew-mitchell-mp/index.html]
[ctd-staging.maisey.uk/support/endorsements/archive/roger-godsiff-mp/index.html]
[ctd-staging.maisey.uk/support/endorsements/archive/richard-burden-mp/index.html]
[ctd-staging.maisey.uk/support/endorsements/archive/gisela-stuart-mp/index.html]
[ctd-staging.maisey.uk/support/endorsements/archive/paul-maynard-mp/index.html]
[ctd-staging.maisey.uk/support/endorsements/archive/daniel-zeichner-mp/index.html]
[ctd-staging.maisey.uk/support/endorsements/archive/heidi-allen-mp/index.html]
[ctd-staging.maisey.uk/updates/concrete5.6.2.1_updater/concrete/blocks/page_list/view0da7.css]
[ctd-staging.maisey.uk/news/archive/crucial-iosh-regulation/index.html]
[ctd-staging.maisey.uk/news/archive/fitzrovia-project-starts/index.html]
[ctd-staging.maisey.uk/news/index4bfc.html]
[ctd-staging.maisey.uk/news/indexe2f9.html]
[ctd-staging.maisey.uk/news/index0bd3.html]
[ctd-staging.maisey.uk/news/archive/new-mp-heidi-allen-backs/index.html]
[ctd-staging.maisey.uk/news/index701c.html]
[ctd-staging.maisey.uk/news/archive/daniel-zeichner-first-new-mps-support/index.html]
[ctd-staging.maisey.uk/files/3414/3168/7381/1c219da3b7604b42bcedd970df006b11.jpg]
[ctd-staging.maisey.uk/news/index7aa0.html]
[ctd-staging.maisey.uk/news/index789b.html]
[ctd-staging.maisey.uk/updates/concrete5.6.2.1_updater/concrete/blocks/tags/view0da7.css]
[ctd-staging.maisey.uk/news/archive/campaign-talk-city-london-forum/index.html]
[ctd-staging.maisey.uk/news/archive/index.html]
[ctd-staging.maisey.uk/news/archive/comment-dr-ben-barratt-air-pollution-retai/index.html]
[ctd-staging.maisey.uk/!trash/search/index4b99.html]
[ctd-staging.maisey.uk/news/index0c79.html]
[ctd-staging.maisey.uk/!trash/search/indexf2a6.html]
[ctd-staging.maisey.uk/news/archive/research-results-air-pollution-shops-everyone-needs-know/index.html]
[ctd-staging.maisey.uk/files/6714/2704/9970/10452ba067f640d1998b3194b96de9f5.png]
[ctd-staging.maisey.uk/!trash/search/index8ec8.html]
[ctd-staging.maisey.uk/support/participating-retailers/archive/index.html]
[ctd-staging.maisey.uk/news/index452b.html]
[ctd-staging.maisey.uk/files/9814/2705/1103/5f63499885424c1b8748f85fdf487007.jpg]
[ctd-staging.maisey.uk/support/endorsements/archive/index.html]
[ctd-staging.maisey.uk/!trash/search/index7bf0.html]
[ctd-staging.maisey.uk/news/archive/home-retail-group-backs-campaign/index.html]
[ctd-staging.maisey.uk/files/9714/2704/8494/ef89f4aafece4cb4b6dac50f86da055b.gif]
[ctd-staging.maisey.uk/packages/html5_audio_player_basic/blocks/html5_audio_player_basic/templates/blue_monday/css/jplayer.blue.monday0da7.css]
[ctd-staging.maisey.uk/updates/concrete5.6.2.1_updater/concrete/css/ccm.default.theme.css]
[ctd-staging.maisey.uk/news/archive/bristol-post-coverage/index.html]
[ctd-staging.maisey.uk/updates/concrete5.6.2.1_updater/concrete/css/ccm.install.css]
[ctd-staging.maisey.uk/files/3214/1877/6060/a1f85a1e622c4d85b54e701469769df1.jpg]
[ctd-staging.maisey.uk/news/archive/westminster-social-policy-forum/index.html]
[ctd-staging.maisey.uk/updates/concrete5.6.2.1_updater/concrete/css/ccm.app.css]
[ctd-staging.maisey.uk/!trash/search/indexd65c.html]
[ctd-staging.maisey.uk/news/archive/mistake-highlights-exceptions-close-door-rule/index.html]
[ctd-staging.maisey.uk/!trash/search/indexf856.html]
[ctd-staging.maisey.uk/news/index67a3.html]
[ctd-staging.maisey.uk/files/3714/1876/2758/0ea2298a36e249b39dffa118dcd20e50.jpg]
[ctd-staging.maisey.uk/news/archive/new-mp-heidi-allen-backs/index.html]
[ctd-staging.maisey.uk/news/archive/daniel-zeichner-first-new-mps-support/index.html]
[ctd-staging.maisey.uk/news/archive/natalie-bennettleader-green-party-endorsement/index.html]
[ctd-staging.maisey.uk/news/archive/campaign-talk-city-london-forum/index.html]
[ctd-staging.maisey.uk/news/archive/daily-mail-online-15th-december/index.html]
[ctd-staging.maisey.uk/files/1614/1877/3091/bfe4c266b3cf429ca236474b6137a7f0.jpg]
[ctd-staging.maisey.uk/news/archive/comment-dr-ben-barratt-air-pollution-retai/index.html]
[ctd-staging.maisey.uk/news/archive/research-results-air-pollution-shops-everyone-needs-know/index.html]
[ctd-staging.maisey.uk/news/archive/retail-environment-novdec-coverage/index.html]
[ctd-staging.maisey.uk/news/index0c79.html]
[ctd-staging.maisey.uk/news/index452b.html]
[ctd-staging.maisey.uk/files/9814/1721/5859/e12710c9336648209a2819c95b755b84.jpg]
[ctd-staging.maisey.uk/news/archive/home-retail-group-backs-campaign/index.html]
[ctd-staging.maisey.uk/news/indexb2c1.html]
[ctd-staging.maisey.uk/news/archive/bristol-post-coverage/index.html]
[ctd-staging.maisey.uk/news/archive/air-pollution-hazards-health-busy-streetsshop-doors/index.html]
[ctd-staging.maisey.uk/news/archive/westminster-social-policy-forum/index.html]
[ctd-staging.maisey.uk/news/archive/bristol-launches-crowdfunder-2015-project/index.html]
[ctd-staging.maisey.uk/news/index67a3.html]
[ctd-staging.maisey.uk/news/archive/smithsonian-official-climate-change-statement/index.html]
[ctd-staging.maisey.uk/news/archive/mistake-highlights-exceptions-close-door-rule/index.html]
[ctd-staging.maisey.uk/news/archive/campaign-peoples-march-against-climate-change-21st-september/index.html]
[ctd-staging.maisey.uk/news/archive/natalie-bennettleader-green-party-endorsement/index.html]
[ctd-staging.maisey.uk/news/archive/support-campaign-paul-maynard-mp/index.html]
[ctd-staging.maisey.uk/files/5513/9138/2079/londonist-out-loud.png]
[ctd-staging.maisey.uk/news/archive/daily-mail-online-15th-december/index.html]
[ctd-staging.maisey.uk/news/bit.ly/gkhk6w.html]
[ctd-staging.maisey.uk/news/indexce7a.html]
[ctd-staging.maisey.uk/files/8313/8653/3331/14ce4eb282144131a7070a51488a8d08.jpg]
[ctd-staging.maisey.uk/news/archive/retail-environment-novdec-coverage/index.html]
[ctd-staging.maisey.uk/news/archive/air-pollution-hazards-health-busy-streetsshop-doors/index.html]
[ctd-staging.maisey.uk/news/archive/londonist-out-loud-podcast/index.html]
[ctd-staging.maisey.uk/files/9313/8608/4562/1e926bb552ee4bb6b27da3c932fcdbc0.png]
[ctd-staging.maisey.uk/news/archive/new-sunday-times-coverage/index.html]
[ctd-staging.maisey.uk/news/archive/city-westminster-councillor-supports-campaign/index.html]
[ctd-staging.maisey.uk/files/9813/8597/8346/1351b06e5897423ea97064ee13a4d4f7.jpg]
[ctd-staging.maisey.uk/news/archive/worcester-close-door-starts/index.html]
[ctd-staging.maisey.uk/news/index8cfe.html]
[ctd-staging.maisey.uk/news/archive/manchester-evening-news-coverage/index.html]
[ctd-staging.maisey.uk/news/archive/borders-cambridge-statement/index.html]
[ctd-staging.maisey.uk/news/archive/were-back/index.html]
[ctd-staging.maisey.uk/news/archive/guardian-coverage/index.html]
[ctd-staging.maisey.uk/news/archive/bbc-video/index.html]
[ctd-staging.maisey.uk/files/cache/5f25861f649220e15e04e17fae0047d9_f84.html]
[ctd-staging.maisey.uk/news/indexb2c1.html]
[ctd-staging.maisey.uk/news/archive/bristol-launches-crowdfunder-2015-project/index.html]
[ctd-staging.maisey.uk/news/archive/smithsonian-official-climate-change-statement/index.html]
[ctd-staging.maisey.uk/news/archive/campaign-peoples-march-against-climate-change-21st-september/index.html]
[ctd-staging.maisey.uk/news/index5237.html]
[ctd-staging.maisey.uk/news/archive/support-campaign-paul-maynard-mp/index.html]
[ctd-staging.maisey.uk/news/indexac89.html]
[ctd-staging.maisey.uk/news/indexce7a.html]
[ctd-staging.maisey.uk/news/indexb35a.html]
[ctd-staging.maisey.uk/news/archive/londonist-out-loud-podcast/index.html]
[ctd-staging.maisey.uk/news/index95ce.html]
[ctd-staging.maisey.uk/news/archive/new-sunday-times-coverage/index.html]
[ctd-staging.maisey.uk/news/index08c0.html]
[ctd-staging.maisey.uk/news/archive/city-westminster-councillor-supports-campaign/index.html]
[ctd-staging.maisey.uk/news/archive/baker-street-quarter-bid-backs-campaign/index.html]
[ctd-staging.maisey.uk/news/archive/worcester-close-door-starts/index.html]
[ctd-staging.maisey.uk/news/archive/kings-college-london-research/index.html]
[ctd-staging.maisey.uk/news/index8cfe.html]
[ctd-staging.maisey.uk/news/archive/excellent-article-eastern-daily-press/index.html]
[ctd-staging.maisey.uk/news/archive/manchester-evening-news-coverage/index.html]
[ctd-staging.maisey.uk/news/archive/lsx-event-air-pollution/index.html]
[ctd-staging.maisey.uk/news/archive/borders-cambridge-statement/index.html]
[ctd-staging.maisey.uk/news/archive/headquarters-eon-inefficient-energy-efficiency/index.html]
[ctd-staging.maisey.uk/news/archive/were-back/index.html]
[ctd-staging.maisey.uk/news/archive/alliance-boots-welcomes-close-door-head-office-131113/index.html]
[ctd-staging.maisey.uk/news/archive/guardian-coverage/index.html]
[ctd-staging.maisey.uk/news/archive/link-explained-between-climate-change-and-extreme-weather-events/index.html]
[ctd-staging.maisey.uk/news/archive/bbc-video/index.html]
[ctd-staging.maisey.uk/news/archive/typhoon-haiyan/index.html]
[ctd-staging.maisey.uk/news/index95ce.html]
[ctd-staging.maisey.uk/news/archive/camden-and-islington-air-pollution-summit/index.html]
[ctd-staging.maisey.uk/news/index5237.html]
[ctd-staging.maisey.uk/news/archive/see-map-londons-wasted-heat/index.html]
[ctd-staging.maisey.uk/news/indexb35a.html]
[ctd-staging.maisey.uk/news/archive/superdrug-starts-trial-of-closed-door-policy/index.html]
[ctd-staging.maisey.uk/news/indexac89.html]
[ctd-staging.maisey.uk/news/archive/bbc-radio-broadcast-and-air-quality-summit/index.html]
[ctd-staging.maisey.uk/news/index08c0.html]
[ctd-staging.maisey.uk/news/archive/new-close-the-door-group-starts-in-lichfield/index.html]
[ctd-staging.maisey.uk/news/archive/baker-street-quarter-bid-backs-campaign/index.html]
[ctd-staging.maisey.uk/news/archive/watershed-weekend/index.html]
[ctd-staging.maisey.uk/news/archive/kings-college-london-research/index.html]
[ctd-staging.maisey.uk/news/archive/greenqloud-web-hosting-sponsorship/index.html]
[ctd-staging.maisey.uk/news/archive/excellent-article-eastern-daily-press/index.html]
[ctd-staging.maisey.uk/news/archive/gla-air-quality-initiative-and-close-the-door/index.html]
[ctd-staging.maisey.uk/news/archive/lsx-event-air-pollution/index.html]
[ctd-staging.maisey.uk/news/archive/endorsement-from-vince-cable/index.html]
[ctd-staging.maisey.uk/news/archive/headquarters-eon-inefficient-energy-efficiency/index.html]
[ctd-staging.maisey.uk/news/archive/new-decc-report/index.html]
[ctd-staging.maisey.uk/news/archive/alliance-boots-welcomes-close-door-head-office-131113/index.html]
[ctd-staging.maisey.uk/news/archive/my-green-directory/index.html]
[ctd-staging.maisey.uk/news/archive/link-explained-between-climate-change-and-extreme-weather-events/index.html]
[ctd-staging.maisey.uk/news/archive/press-coverage-on-the-sustainable-city-awards/index.html]
[ctd-staging.maisey.uk/news/archive/typhoon-haiyan/index.html]
[ctd-staging.maisey.uk/news/archive/close-the-door-highly-commended-in-sustainable-cities-awards/index.html]
[ctd-staging.maisey.uk/news/archive/camden-and-islington-air-pollution-summit/index.html]
[ctd-staging.maisey.uk/news/archive/new-piece-on-close-the-door/index.html]
[ctd-staging.maisey.uk/news/archive/see-map-londons-wasted-heat/index.html]
[ctd-staging.maisey.uk/news/archive/paramo-joins-the-campaign/index.html]
[ctd-staging.maisey.uk/news/archive/superdrug-starts-trial-of-closed-door-policy/index.html]
[ctd-staging.maisey.uk/news/archive/support-from-london-borough-of-richmond-upon-thames/index.html]
[ctd-staging.maisey.uk/news/archive/bbc-radio-broadcast-and-air-quality-summit/index.html]
[ctd-staging.maisey.uk/news/archive/support-from-the-national-federation-of-womens-institutes/index.html]
[ctd-staging.maisey.uk/news/archive/new-close-the-door-group-starts-in-lichfield/index.html]
[ctd-staging.maisey.uk/news/archive/new-local-campaign-and-mp-endorsement-from-solihull/index.html]
[ctd-staging.maisey.uk/news/archive/watershed-weekend/index.html]
[ctd-staging.maisey.uk/news/archive/get-involved-in-climate-week-2013-running-4th-10th-march/index.html]
[ctd-staging.maisey.uk/news/archive/greenqloud-web-hosting-sponsorship/index.html]
[ctd-staging.maisey.uk/news/archive/npower-blog/index.html]
[ctd-staging.maisey.uk/news/archive/gla-air-quality-initiative-and-close-the-door/index.html]
[ctd-staging.maisey.uk/news/archive/new-article-from-rtcc/index.html]
[ctd-staging.maisey.uk/news/archive/endorsement-from-vince-cable/index.html]
[ctd-staging.maisey.uk/news/archive/youngest-ever-ctd-representative-gets-zac-goldsmiths-endorsement/index.html]
[ctd-staging.maisey.uk/news/archive/new-decc-report/index.html]
[ctd-staging.maisey.uk/news/archive/good-housekeeping-jan-2013/index.html]
[ctd-staging.maisey.uk/news/archive/my-green-directory/index.html]
[ctd-staging.maisey.uk/news/archive/red-magazine-blog-supports-the-campaign/index.html]
[ctd-staging.maisey.uk/news/archive/press-coverage-on-the-sustainable-city-awards/index.html]
[ctd-staging.maisey.uk/news/archive/the-times-coverage-as-the-cold-season-starts/index.html]
[ctd-staging.maisey.uk/news/archive/close-the-door-highly-commended-in-sustainable-cities-awards/index.html]
[ctd-staging.maisey.uk/news/archive/best-campaign-climate-week-awards-2012/index.html]
[ctd-staging.maisey.uk/news/archive/new-piece-on-close-the-door/index.html]
[ctd-staging.maisey.uk/news/archive/climate-week-awards-today/index.html]
[ctd-staging.maisey.uk/news/archive/paramo-joins-the-campaign/index.html]
[ctd-staging.maisey.uk/news/archive/campaign-endorsement-by-the-secretary-of-state-for-energy/index.html]
[ctd-staging.maisey.uk/news/archive/support-from-london-borough-of-richmond-upon-thames/index.html]
[ctd-staging.maisey.uk/news/archive/costa-come-into-campaign-nationwide/index.html]
[ctd-staging.maisey.uk/news/archive/support-from-the-national-federation-of-womens-institutes/index.html]
[ctd-staging.maisey.uk/news/archive/climate-week-best-campaign-award-finalist/index.html]
[ctd-staging.maisey.uk/news/archive/new-local-campaign-and-mp-endorsement-from-solihull/index.html]
[ctd-staging.maisey.uk/news/archive/and-now-for-ely/index.html]
[ctd-staging.maisey.uk/news/archive/get-involved-in-climate-week-2013-running-4th-10th-march/index.html]
[ctd-staging.maisey.uk/news/archive/ctd-cited-in-the-economist/index.html]
[ctd-staging.maisey.uk/news/archive/npower-blog/index.html]
[ctd-staging.maisey.uk/news/archive/sir-richard-lambert-former-director-general-of-the-cbi-2006-2011-backs-the-campaign/index.html]
[ctd-staging.maisey.uk/news/archive/new-article-from-rtcc/index.html]
[ctd-staging.maisey.uk/news/archive/warmer-weather-and-the-campaign/index.html]
[ctd-staging.maisey.uk/news/archive/youngest-ever-ctd-representative-gets-zac-goldsmiths-endorsement/index.html]
[ctd-staging.maisey.uk/news/archive/coverage-in-the-geographer-rsgs/index.html]
[ctd-staging.maisey.uk/news/archive/good-housekeeping-jan-2013/index.html]
[ctd-staging.maisey.uk/news/archive/xchangeteam-freelancer-of-the-year-award-2011/index.html]
[ctd-staging.maisey.uk/news/archive/red-magazine-blog-supports-the-campaign/index.html]
[ctd-staging.maisey.uk/news/archive/bristol-ctd-for-climate-week/index.html]
[ctd-staging.maisey.uk/news/archive/the-times-coverage-as-the-cold-season-starts/index.html]
[ctd-staging.maisey.uk/news/archive/usdaw-releases-statement/index.html]
[ctd-staging.maisey.uk/news/archive/best-campaign-climate-week-awards-2012/index.html]
[ctd-staging.maisey.uk/news/archive/fenwick-support/index.html]
[ctd-staging.maisey.uk/news/archive/climate-week-awards-today/index.html]
[ctd-staging.maisey.uk/news/archive/claire-perry-mp-for-devizes-gives-her-support/index.html]
[ctd-staging.maisey.uk/news/archive/campaign-endorsement-by-the-secretary-of-state-for-energy/index.html]
[ctd-staging.maisey.uk/news/archive/and-now-support-from-the-john-lewis-partnership/index.html]
[ctd-staging.maisey.uk/news/archive/costa-come-into-campaign-nationwide/index.html]
[ctd-staging.maisey.uk/news/archive/wickestravis-perkins-backs-the-campaign/index.html]
[ctd-staging.maisey.uk/news/archive/climate-week-best-campaign-award-finalist/index.html]
[ctd-staging.maisey.uk/news/archive/usdaw-supports-the-campaign/index.html]
[ctd-staging.maisey.uk/news/archive/and-now-for-ely/index.html]
[ctd-staging.maisey.uk/news/archive/eco-schools-on-ctd/index.html]
[ctd-staging.maisey.uk/news/archive/ctd-cited-in-the-economist/index.html]
[ctd-staging.maisey.uk/news/archive/mands-backs-campaign/index.html]
[ctd-staging.maisey.uk/news/archive/sir-richard-lambert-former-director-general-of-the-cbi-2006-2011-backs-the-campaign/index.html]
[ctd-staging.maisey.uk/news/archive/support-from-selfridges-and-co/index.html]
[ctd-staging.maisey.uk/news/archive/caroline-lucas-lends-her-support/index.html]
[ctd-staging.maisey.uk/files/cache/598b38c7b9b197ee9935572478fa02f0_f88.jpg]
[ctd-staging.maisey.uk/news/archive/warmer-weather-and-the-campaign/index.html]
[ctd-staging.maisey.uk/news/archive/born-tells-how-closing-the-door-really-works-for-business/index.html]
[ctd-staging.maisey.uk/news/archive/nomination-for-xchangteams-freelancer-of-the-year-award/index.html]
[ctd-staging.maisey.uk/news/archive/aspace-childrens-retailer-of-the-year-2010-supports-close-the-door/index.html]
[ctd-staging.maisey.uk/news/archive/boris-johnson-endorses-ctd-for-london/index.html]
[ctd-staging.maisey.uk/news/archive/bbc-radio-bristol-271210/index.html]
[ctd-staging.maisey.uk/news/archive/you-and-yours-feature-231210/index.html]
[ctd-staging.maisey.uk/news/archive/significant-bristol-charity-retailer-joins-the-campaign/index.html]
[ctd-staging.maisey.uk/news/archive/sunday-times-191210/index.html]
[ctd-staging.maisey.uk/news/archive/property-week-171210/index.html]
[ctd-staging.maisey.uk/news/archive/park-st-event-in-bristol-today/index.html]
[ctd-staging.maisey.uk/news/archive/ryman-join-the-campaign/index.html]
[ctd-staging.maisey.uk/news/archive/ctd-question-in-welsh-assembly/index.html]
[ctd-staging.maisey.uk/news/archive/more-press-independent/index.html]
[ctd-staging.maisey.uk/news/archive/more-coverage/index.html]
[ctd-staging.maisey.uk/news/archive/the-times-61210/index.html]
[ctd-staging.maisey.uk/news/archive/endorsement-from-mp-andy-slaughter/index.html]
[ctd-staging.maisey.uk/news/archive/ctd-early-day-motion-in-the-house-of-commons/index.html]
[ctd-staging.maisey.uk/news/archive/the-last-two-weeks/index.html]
[ctd-staging.maisey.uk/news/archive/ctd-at-the-energy-committee-of-the-london-assembly/index.html]
[ctd-staging.maisey.uk/news/archive/london-support-from-emily-thornberry-mp/index.html]
[ctd-staging.maisey.uk/news/archive/media-coverage-291110/index.html]
[ctd-staging.maisey.uk/news/archive/bristol-and-support-from-charlotte-leslie-mp/index.html]
[ctd-staging.maisey.uk/news/archive/more-media-coverage-251110/index.html]
[ctd-staging.maisey.uk/news/archive/scientific-evidence-media-coverage-241110/index.html]
[ctd-staging.maisey.uk/news/archive/press-release-on-new-data-showing-vast-winter-energy-savings-from-closing-the-store-door/index.html]
[ctd-staging.maisey.uk/news/archive/julian-huppert-mp-for-cambridge-with-ctd/index.html]
[ctd-staging.maisey.uk/news/archive/support-for-ctd-from-mike-berners-lee/index.html]
[ctd-staging.maisey.uk/news/archive/endorsement-from-mike-tuffrey-am-london-assembly/index.html]
[ctd-staging.maisey.uk/news/archive/not-new-but-news-refs/index.html]
[ctd-staging.maisey.uk/news/archive/stephen-williams-mp-endorses-the-campaign/index.html]
[ctd-staging.maisey.uk/news/archive/bristol-ctd/index.html]
[ctd-staging.maisey.uk/news/archive/kerry-mccarthy-endorses-the-campaign/index.html]
[ctd-staging.maisey.uk/news/archive/anne-milton-statement-of-support/index.html]
[ctd-staging.maisey.uk/news/archive/ctd-bristol/index.html]
[ctd-staging.maisey.uk/news/archive/cambridge-university-engineering-department-research-project/index.html]
[ctd-staging.maisey.uk/news/archive/ctd-twitter-campaign-please-do-your-bit/index.html]
[ctd-staging.maisey.uk/news/archive/close-the-door-in-the-guardian-and-on-you-and-yours-radio-4/index.html]
[ctd-staging.maisey.uk/news/archive/york-city-takes-off/index.html]
[ctd-staging.maisey.uk/news/archive/independent-research-project-for-ctd-with-university-of-cambridge/index.html]
[ctd-staging.maisey.uk/news/archive/carbon-trust-and-british-retail-consortium-join-project-steering-group/index.html]
[ctd-staging.maisey.uk/news/archive/carbon-trust-in-collaboration-with-ctd/index.html]
[ctd-staging.maisey.uk/news/archive/radio-4-you-and-yours-interview/index.html]
[ctd-staging.maisey.uk/news/archive/your-input-needed/index.html]
[ctd-staging.maisey.uk/news/archive/photos-of-open-doors-in-the-snow-please/index.html]
[ctd-staging.maisey.uk/news/archive/cen-environment-agency-sponsored-award-for-close-the-door/index.html]
[ctd-staging.maisey.uk/news/archive/more-publicity-at-christmas/index.html]
[ctd-staging.maisey.uk/news/archive/peter-hanson-on-bbc-radio-devon-21208/index.html]
[ctd-staging.maisey.uk/news/archive/close-the-door-starts-in-york-on-nov-17/index.html]
[ctd-staging.maisey.uk/news/archive/three-counties-radio/index.html]
[ctd-staging.maisey.uk/news/archive/coverage-in-the-geographer-rsgs/index.html]
[ctd-staging.maisey.uk/news/archive/national-publicity-on-radio-5-live/index.html]
[ctd-staging.maisey.uk/files/cache/ae2eab8a9ac3da7cdbad780f41e5bb5b_f89.png]
[ctd-staging.maisey.uk/news/archive/xchangeteam-freelancer-of-the-year-award-2011/index.html]
[ctd-staging.maisey.uk/news/archive/the-campaign-starts-in-westminster-61108/index.html]
[ctd-staging.maisey.uk/files/cache/2f95abdc97a7e421e1de824f0a9f4a2b_f92.jpg]
[ctd-staging.maisey.uk/news/archive/bristol-ctd-for-climate-week/index.html]
[ctd-staging.maisey.uk/news/archive/daily-telegraph-letters-to-the-editor-nov-5th/index.html]
[ctd-staging.maisey.uk/news/archive/usdaw-releases-statement/index.html]
[ctd-staging.maisey.uk/news/archive/country-casuals-are-closing-their-doors/index.html]
[ctd-staging.maisey.uk/news/archive/northallerton-joins-up/index.html]
[ctd-staging.maisey.uk/news/archive/private-members-bill-for-ctd/index.html]
[ctd-staging.maisey.uk/files/cache/dbb441fe7d04d081e66b5526c6bc9f0b_f95.jpg]
[ctd-staging.maisey.uk/news/archive/fenwick-support/index.html]
[ctd-staging.maisey.uk/news/archive/claire-perry-mp-for-devizes-gives-her-support/index.html]
[ctd-staging.maisey.uk/news/archive/and-now-support-from-the-john-lewis-partnership/index.html]
[ctd-staging.maisey.uk/news/archive/prof-sir-david-king-and-cross-party-mp-endorsements/index.html]
[ctd-staging.maisey.uk/news/archive/wickestravis-perkins-backs-the-campaign/index.html]
[ctd-staging.maisey.uk/news/archive/more-coverage-from-the-north-of-england/index.html]
[ctd-staging.maisey.uk/news/archive/usdaw-supports-the-campaign/index.html]
[ctd-staging.maisey.uk/news/archive/statement-from-david-howarth-mp/index.html]
[ctd-staging.maisey.uk/news/archive/eco-schools-on-ctd/index.html]
[ctd-staging.maisey.uk/support/participating-retailers/archive/indexbc2f.html]
[ctd-staging.maisey.uk/news/archive/mands-backs-campaign/index.html]
[ctd-staging.maisey.uk/support/endorsements/archive/index228f.html]
[ctd-staging.maisey.uk/packages/html5_audio_player_basic/blocks/html5_audio_player_basic/templates/blue_monday/css/images/jplayer.blue.monday.jpg]
[ctd-staging.maisey.uk/news/archive/support-from-selfridges-and-co/index.html]
[ctd-staging.maisey.uk/news/archive/caroline-lucas-lends-her-support/index.html]
[ctd-staging.maisey.uk/support/endorsements/archive/index112b.html]
[ctd-staging.maisey.uk/packages/html5_audio_player_basic/blocks/html5_audio_player_basic/templates/blue_monday/css/images/jplayer.blue.monday.seeking.gif]
[ctd-staging.maisey.uk/updates/concrete5.6.2.1_updater/concrete/images/bg_header.png]
[ctd-staging.maisey.uk/news/archive/born-tells-how-closing-the-door-really-works-for-business/index.html]
[ctd-staging.maisey.uk/news/archive/nomination-for-xchangteams-freelancer-of-the-year-award/index.html]
[ctd-staging.maisey.uk/news/archive/aspace-childrens-retailer-of-the-year-2010-supports-close-the-door/index.html]
[ctd-staging.maisey.uk/updates/concrete5.6.2.1_updater/concrete/images/icons/openid.gif]
[ctd-staging.maisey.uk/updates/concrete5.6.2.1_updater/concrete/images/glyphicons-halflings.png]
[ctd-staging.maisey.uk/support/endorsements/archive/indexbf51.html]
[ctd-staging.maisey.uk/updates/concrete5.6.2.1_updater/concrete/images/glyphicons-halflings-white.png]
[ctd-staging.maisey.uk/news/archive/boris-johnson-endorses-ctd-for-london/index.html]
[ctd-staging.maisey.uk/news/archive/bbc-radio-bristol-271210/index.html]
[ctd-staging.maisey.uk/news/archive/you-and-yours-feature-231210/index.html]
[ctd-staging.maisey.uk/news/archive/significant-bristol-charity-retailer-joins-the-campaign/index.html]
[ctd-staging.maisey.uk/updates/concrete5.6.2.1_updater/concrete/images/widgets/colorpicker/custom_background.png]
[ctd-staging.maisey.uk/updates/concrete5.6.2.1_updater/concrete/images/widgets/colorpicker/colorpicker_overlay.png]
[ctd-staging.maisey.uk/updates/concrete5.6.2.1_updater/concrete/css/images/chosen-sprite.png]
[ctd-staging.maisey.uk/updates/concrete5.6.2.1_updater/concrete/images/widgets/colorpicker/colorpicker_select.gif]
[ctd-staging.maisey.uk/news/archive/sunday-times-191210/index.html]
[ctd-staging.maisey.uk/news/archive/property-week-171210/index.html]
[ctd-staging.maisey.uk/news/archive/park-st-event-in-bristol-today/index.html]
[ctd-staging.maisey.uk/news/archive/ryman-join-the-campaign/index.html]
[ctd-staging.maisey.uk/updates/concrete5.6.2.1_updater/concrete/images/widgets/colorpicker/custom_hex.png]
[ctd-staging.maisey.uk/updates/concrete5.6.2.1_updater/concrete/images/widgets/colorpicker/custom_rgb_r.png]
[ctd-staging.maisey.uk/updates/concrete5.6.2.1_updater/concrete/images/widgets/colorpicker/custom_rgb_g.png]
[ctd-staging.maisey.uk/updates/concrete5.6.2.1_updater/concrete/images/widgets/colorpicker/custom_indic.gif]
[ctd-staging.maisey.uk/news/archive/ctd-question-in-welsh-assembly/index.html]
[ctd-staging.maisey.uk/news/archive/more-press-independent/index.html]
[ctd-staging.maisey.uk/news/archive/more-coverage/index.html]
[ctd-staging.maisey.uk/news/archive/the-times-61210/index.html]
[ctd-staging.maisey.uk/updates/concrete5.6.2.1_updater/concrete/images/widgets/colorpicker/custom_hsb_h.png]
[ctd-staging.maisey.uk/updates/concrete5.6.2.1_updater/concrete/images/widgets/colorpicker/custom_hsb_s.png]
[ctd-staging.maisey.uk/updates/concrete5.6.2.1_updater/concrete/images/widgets/colorpicker/custom_hsb_b.png]
[ctd-staging.maisey.uk/updates/concrete5.6.2.1_updater/concrete/images/widgets/colorpicker/custom_rgb_b.png]
[ctd-staging.maisey.uk/news/archive/endorsement-from-mp-andy-slaughter/index.html]
[ctd-staging.maisey.uk/news/archive/ctd-early-day-motion-in-the-house-of-commons/index.html]
[ctd-staging.maisey.uk/news/archive/the-last-two-weeks/index.html]
[ctd-staging.maisey.uk/news/archive/ctd-at-the-energy-committee-of-the-london-assembly/index.html]
[ctd-staging.maisey.uk/updates/concrete5.6.2.1_updater/concrete/images/delete_rating.gif]
[ctd-staging.maisey.uk/updates/concrete5.6.2.1_updater/concrete/images/rating_star.png]
[ctd-staging.maisey.uk/updates/concrete5.6.2.1_updater/concrete/images/icons/add.png]
[ctd-staging.maisey.uk/updates/concrete5.6.2.1_updater/concrete/images/widgets/colorpicker/select2.png]
[ctd-staging.maisey.uk/news/archive/london-support-from-emily-thornberry-mp/index.html]
[ctd-staging.maisey.uk/news/archive/media-coverage-291110/index.html]
[ctd-staging.maisey.uk/news/archive/bristol-and-support-from-charlotte-leslie-mp/index.html]
[ctd-staging.maisey.uk/news/archive/more-media-coverage-251110/index.html]
[ctd-staging.maisey.uk/updates/concrete5.6.2.1_updater/concrete/images/bg_marketplace_detail_left.png]
[ctd-staging.maisey.uk/updates/concrete5.6.2.1_updater/concrete/images/bg_marketplace_detail_bottom.png]
[ctd-staging.maisey.uk/updates/concrete5.6.2.1_updater/concrete/images/marketplace_more_fade.png]
[ctd-staging.maisey.uk/updates/concrete5.6.2.1_updater/concrete/images/loader_intelligent_search.gif]
[ctd-staging.maisey.uk/news/archive/scientific-evidence-media-coverage-241110/index.html]
[ctd-staging.maisey.uk/news/archive/press-release-on-new-data-showing-vast-winter-energy-savings-from-closing-the-store-door/index.html]
[ctd-staging.maisey.uk/news/archive/julian-huppert-mp-for-cambridge-with-ctd/index.html]
[ctd-staging.maisey.uk/news/archive/support-for-ctd-from-mike-berners-lee/index.html]
[ctd-staging.maisey.uk/updates/concrete5.6.2.1_updater/concrete/images/marketplace_review_quote.png]
[ctd-staging.maisey.uk/updates/concrete5.6.2.1_updater/concrete/images/icons/arrow_down_black.png]
[ctd-staging.maisey.uk/updates/concrete5.6.2.1_updater/concrete/images/icons/arrow_up_black.png]
[ctd-staging.maisey.uk/updates/concrete5.6.2.1_updater/concrete/images/icons_sprite_up_down.png]
[ctd-staging.maisey.uk/news/archive/endorsement-from-mike-tuffrey-am-london-assembly/index.html]
[ctd-staging.maisey.uk/news/archive/not-new-but-news-refs/index.html]
[ctd-staging.maisey.uk/news/archive/stephen-williams-mp-endorses-the-campaign/index.html]
[ctd-staging.maisey.uk/news/archive/bristol-ctd/index.html]
[ctd-staging.maisey.uk/updates/concrete5.6.2.1_updater/concrete/images/icons/column.png]
[ctd-staging.maisey.uk/updates/concrete5.6.2.1_updater/concrete/images/dashboard/sitemap/document.png]
[ctd-staging.maisey.uk/updates/concrete5.6.2.1_updater/concrete/images/dashboard/sitemap/folder.png]
[ctd-staging.maisey.uk/updates/concrete5.6.2.1_updater/concrete/images/icons/excel.png]
[ctd-staging.maisey.uk/news/archive/kerry-mccarthy-endorses-the-campaign/index.html]
[ctd-staging.maisey.uk/news/archive/anne-milton-statement-of-support/index.html]
[ctd-staging.maisey.uk/news/archive/ctd-bristol/index.html]
[ctd-staging.maisey.uk/news/archive/cambridge-university-engineering-department-research-project/index.html]
[ctd-staging.maisey.uk/updates/concrete5.6.2.1_updater/concrete/images/dashboard/sitemap/dropzone_active.png]
[ctd-staging.maisey.uk/updates/concrete5.6.2.1_updater/concrete/images/icons/bc.png]
[ctd-staging.maisey.uk/updates/concrete5.6.2.1_updater/concrete/images/newsflow_logo_welcome_back.png]
[ctd-staging.maisey.uk/updates/concrete5.6.2.1_updater/concrete/images/dashboard/sitemap/loading.gif]
[ctd-staging.maisey.uk/news/archive/ctd-twitter-campaign-please-do-your-bit/index.html]
[ctd-staging.maisey.uk/news/archive/close-the-door-in-the-guardian-and-on-you-and-yours-radio-4/index.html]
[ctd-staging.maisey.uk/news/archive/york-city-takes-off/index.html]
[ctd-staging.maisey.uk/news/archive/independent-research-project-for-ctd-with-university-of-cambridge/index.html]
[ctd-staging.maisey.uk/updates/concrete5.6.2.1_updater/concrete/images/newsflow_previous_white.png]
[ctd-staging.maisey.uk/updates/concrete5.6.2.1_updater/concrete/images/newsflow_next_white.png]
[ctd-staging.maisey.uk/updates/concrete5.6.2.1_updater/concrete/images/newsflow_previous.png]
[ctd-staging.maisey.uk/updates/concrete5.6.2.1_updater/concrete/images/newsflow_logo_welcome_first_run.png]
[ctd-staging.maisey.uk/news/archive/carbon-trust-and-british-retail-consortium-join-project-steering-group/index.html]
[ctd-staging.maisey.uk/news/archive/carbon-trust-in-collaboration-with-ctd/index.html]
[ctd-staging.maisey.uk/news/archive/radio-4-you-and-yours-interview/index.html]
[ctd-staging.maisey.uk/news/archive/your-input-needed/index.html]
[ctd-staging.maisey.uk/updates/concrete5.6.2.1_updater/concrete/images/icons_sprite.png]
[ctd-staging.maisey.uk/updates/concrete5.6.2.1_updater/concrete/images/bg_editor_concrete_caret.png]
[ctd-staging.maisey.uk/updates/concrete5.6.2.1_updater/concrete/images/icons/group.png]
[ctd-staging.maisey.uk/updates/concrete5.6.2.1_updater/concrete/images/newsflow_next.png]
[ctd-staging.maisey.uk/news/archive/photos-of-open-doors-in-the-snow-please/index.html]
[ctd-staging.maisey.uk/news/archive/cen-environment-agency-sponsored-award-for-close-the-door/index.html]
[ctd-staging.maisey.uk/news/archive/more-publicity-at-christmas/index.html]
[ctd-staging.maisey.uk/news/archive/peter-hanson-on-bbc-radio-devon-21208/index.html]
[ctd-staging.maisey.uk/updates/concrete5.6.2.1_updater/concrete/images/icons/stack.png]
[ctd-staging.maisey.uk/updates/concrete5.6.2.1_updater/concrete/images/icons/wrench.png]
[ctd-staging.maisey.uk/updates/concrete5.6.2.1_updater/concrete/images/dashboard/bg_header.png]
[ctd-staging.maisey.uk/updates/concrete5.6.2.1_updater/concrete/images/icons/search.png]
[ctd-staging.maisey.uk/news/archive/close-the-door-starts-in-york-on-nov-17/index.html]
[ctd-staging.maisey.uk/news/archive/three-counties-radio/index.html]
[ctd-staging.maisey.uk/news/archive/national-publicity-on-radio-5-live/index.html]
[ctd-staging.maisey.uk/news/archive/the-campaign-starts-in-westminster-61108/index.html]
[ctd-staging.maisey.uk/updates/concrete5.6.2.1_updater/concrete/images/bg_header_editing_active.png]
[ctd-staging.maisey.uk/updates/concrete5.6.2.1_updater/concrete/images/icon_intelligent_search_mag.png]
[ctd-staging.maisey.uk/updates/concrete5.6.2.1_updater/concrete/images/bg_intelligent_search.png]
[ctd-staging.maisey.uk/updates/concrete5.6.2.1_updater/concrete/images/dashboard/bg_header_active.png]
[ctd-staging.maisey.uk/news/archive/daily-telegraph-letters-to-the-editor-nov-5th/index.html]
[ctd-staging.maisey.uk/news/archive/country-casuals-are-closing-their-doors/index.html]
[ctd-staging.maisey.uk/news/archive/northallerton-joins-up/index.html]
[ctd-staging.maisey.uk/news/archive/private-members-bill-for-ctd/index.html]
[ctd-staging.maisey.uk/updates/concrete5.6.2.1_updater/concrete/images/slider_bg.png]
[ctd-staging.maisey.uk/updates/concrete5.6.2.1_updater/concrete/images/slider_knob_bg.png]
[ctd-staging.maisey.uk/updates/concrete5.6.2.1_updater/concrete/images/bg_trans.png]
[ctd-staging.maisey.uk/updates/concrete5.6.2.1_updater/concrete/images/bg_scroller.png]
[ctd-staging.maisey.uk/news/archive/prof-sir-david-king-and-cross-party-mp-endorsements/index.html]
[ctd-staging.maisey.uk/news/archive/statement-from-david-howarth-mp/index.html]
[ctd-staging.maisey.uk/news/archive/more-coverage-from-the-north-of-england/index.html]
[ctd-staging.maisey.uk/support/participating-retailers/archive/indexbc2f.html]
[ctd-staging.maisey.uk/files/4213/8503/4089/c7c09ea7e158487b835e3770c5e11e5f.png]
[ctd-staging.maisey.uk/files/4213/8496/7647/LSx.jpg]
[ctd-staging.maisey.uk/files/1213/8496/7382/4896157deb474d2086ebeb09ecae7f32.jpg]
[ctd-staging.maisey.uk/files/3113/8537/7812/bd8aaad9ce0c496484983a7e72eac901.png]
[ctd-staging.maisey.uk/support/endorsements/archive/index228f.html]
[ctd-staging.maisey.uk/support/endorsements/archive/index112b.html]
[ctd-staging.maisey.uk/support/endorsements/archive/indexbf51.html]
[ctd-staging.maisey.uk/files/5413/8496/7165/boots.png]
[ctd-staging.maisey.uk/files/9113/8496/6959/typhoon.jpg]
[ctd-staging.maisey.uk/news/index3b1a.html]
[ctd-staging.maisey.uk/news/index3b1a.html]
[ctd-staging.maisey.uk/files/1713/8496/6763/0bb561f0edb04d5ebb5016a5bcedf4b7.jpg]
[ctd-staging.maisey.uk/files/1813/8496/2798/31038a8f33dd4cfea751f321f121aa5a.png]
[ctd-staging.maisey.uk/files/9313/8496/6529/camden_logo.png]
[ctd-staging.maisey.uk/files/9313/8259/4302/superdrug-magenta.gif]
[ctd-staging.maisey.uk/news/indexc339.html]
[ctd-staging.maisey.uk/news/indexc339.html]
[ctd-staging.maisey.uk/news/archive/daily-mail-online-15th-december/bit.ly/gkhk6w.html]
[ctd-staging.maisey.uk/files/4813/8177/0477/MCoJan13.jpg]
[ctd-staging.maisey.uk/files/5813/8259/3606/bbc-logo.jpg]
[ctd-staging.maisey.uk/files/9613/6584/2891/Greenqloud_blue.png]
[www.greenpeace.org/international/Global/international/publications/climate/2012/iCoal/HowCleanisYourCloud.html]
[ctd-staging.maisey.uk/news/index71cd.html]
[ctd-staging.maisey.uk/files/4913/6389/5413/Evening_Standard_logo.png]
[ctd-staging.maisey.uk/news/index71cd.html]
[ctd-staging.maisey.uk/files/2913/6439/8208/sustainablecityawards.jpg]
[ctd-staging.maisey.uk/news/index0b7c.html]
[ctd-staging.maisey.uk/news/index0b7c.html]
[ctd-staging.maisey.uk/files/8813/6215/0314/rbra.png]
[ctd-staging.maisey.uk/files/5313/6117/0453/npower.png]
[ctd-staging.maisey.uk/files/3213/6214/7130/thewi-news-2.png]
[ctd-staging.maisey.uk/news/index0d4a.html]
[ctd-staging.maisey.uk/news/index0d4a.html]
[ctd-staging.maisey.uk/news/index9fe7.html]
[ctd-staging.maisey.uk/news/index9fe7.html]
[ctd-staging.maisey.uk/news/indexa245.html]
[ctd-staging.maisey.uk/news/indexa245.html]
[ctd-staging.maisey.uk/news/index065c.html]
[ctd-staging.maisey.uk/news/index065c.html]
[ctd-staging.maisey.uk/news/indexaf6e.html]
[ctd-staging.maisey.uk/news/indexaf6e.html]
[ctd-staging.maisey.uk/news/indexabe8.html]
[ctd-staging.maisey.uk/news/indexabe8.html]
[ctd-staging.maisey.uk/files/3113/6162/7203/solihull.jpg]
[ctd-staging.maisey.uk/files/5213/6065/5841/rtcc-logo.png]
[ctd-staging.maisey.uk/files/3913/6137/3330/cw2013-news.png]
[ctd-staging.maisey.uk/files/8313/5819/8982/goodhousekeeping.gif]
[ctd-staging.maisey.uk/files/3813/6033/8287/zak-goldsmith-2.jpg]
[ctd-staging.maisey.uk/files/cache/4aaf75f74342a97ffa0c95b77eab3052_f85.html]
[ctd-staging.maisey.uk/files/cache/cc3eddc5ffadf0fe6fdf747ab068a4b6_f86.html]
[ctd-staging.maisey.uk/files/3513/5437/0228/cw-blog.jpg]
[ctd-staging.maisey.uk/files/5413/5439/0227/freelancer_of_the_year.jpg]
[ctd-staging.maisey.uk/files/cache/13204e2b8e7d603555d2c0dc0dd5d6f5_f81.html]
[www.rsgs.org/publications/TheGeographer-Spring11.html]
[ctd-staging.maisey.uk/files/cache/ab8dabd46ff706ea321e54a9a895592f_f93.html]
[ctd-staging.maisey.uk/files/8913/5443/7204/Waitrose_logo.jpg]
[ctd-staging.maisey.uk/files/cache/ec5021f8ec7da6d7341bf181c54c7692_f99.html]
[ctd-staging.maisey.uk/files/6113/5443/6940/Travis_Perkins.jpg]
[ctd-staging.maisey.uk/files/4213/5443/6947/Wickes.jpg]
[ctd-staging.maisey.uk/files/cache/41be90167d3b38c0390cfa60f02746a1_f93.html]
[ctd-staging.maisey.uk/files/4713/5444/3065/ECO_POD_Logo_RGB.png]
[ctd-staging.maisey.uk/files/5613/5444/3205/MS_logo.png]
[ctd-staging.maisey.uk/files/2513/5444/3359/selfridges_2.gif]
[ctd-staging.maisey.uk/files/cache/4fd5ff7b49ac983104a0c958f78fe887_f111.html]
[ctd-staging.maisey.uk/files/cache/3db9438232ffb7c2bc65985ac9839976_f105.html]
[ctd-staging.maisey.uk/files/5913/5444/5017/sunday-times.jpg]
[ctd-staging.maisey.uk/files/3313/5444/5472/ryman.jpg]
[ctd-staging.maisey.uk/files/cache/7cd8a5ce06876cc13373bbe387c05530_f108.html]
[ctd-staging.maisey.uk/files/cache/5485e164a35dc86c607c75d6aadfc611_f113.html]
[ctd-staging.maisey.uk/files/6613/5444/5803/independent_masthead.png]
[ctd-staging.maisey.uk/files/1013/5444/8556/CtD_with_Julian1.jpg]
[ctd-staging.maisey.uk/files/cache/f44c834920db0b81788a0c8f2b174ec6_f115.html]
[ctd-staging.maisey.uk/support/participating-retailers/archive/indexdfd0.html]
[ctd-staging.maisey.uk/support/participating-retailers/archive/indexdfd0.html]
[ctd-staging.maisey.uk/support/endorsements/archive/index88cf.html]
[ctd-staging.maisey.uk/support/endorsements/archive/index88cf.html]
[ctd-staging.maisey.uk/news/index462e.html]
[ctd-staging.maisey.uk/news/index462e.html]
[ctd-staging.maisey.uk/news/index540d.html]
[ctd-staging.maisey.uk/news/index540d.html]
[ctd-staging.maisey.uk/news/index89d5.html]
[ctd-staging.maisey.uk/news/index89d5.html]
